Copyright 1986-2017 Xilinx, Inc. All Rights Reserved.
-----------------------------------------------------------------------------------------------------------------------------------------------
| Tool Version : Vivado v.2017.1 (win64) Build 1846317 Fri Apr 14 18:55:03 MDT 2017
| Date         : Wed Feb 28 12:03:17 2018
| Host         : cfaed-pdpc004 running 64-bit major release  (build 9200)
| Command      : report_timing_summary -warn_on_violation -max_paths 10 -file top_timing_summary_routed.rpt -rpx top_timing_summary_routed.rpx
| Design       : top
| Device       : 7vx485t-ffg1761
| Speed File   : -2  PRODUCTION 1.12 2014-09-11
-----------------------------------------------------------------------------------------------------------------------------------------------

Timing Summary Report

------------------------------------------------------------------------------------------------
| Timer Settings
| --------------
------------------------------------------------------------------------------------------------

  Enable Multi Corner Analysis               :  Yes
  Enable Pessimism Removal                   :  Yes
  Pessimism Removal Resolution               :  Nearest Common Node
  Enable Input Delay Default Clock           :  No
  Enable Preset / Clear Arcs                 :  No
  Disable Flight Delays                      :  No
  Ignore I/O Paths                           :  No
  Timing Early Launch at Borrowing Latches   :  false

  Corner  Analyze    Analyze    
  Name    Max Paths  Min Paths  
  ------  ---------  ---------  
  Slow    Yes        Yes        
  Fast    Yes        Yes        



check_timing report

Table of Contents
-----------------
1. checking no_clock
2. checking constant_clock
3. checking pulse_width_clock
4. checking unconstrained_internal_endpoints
5. checking no_input_delay
6. checking no_output_delay
7. checking multiple_clock
8. checking generated_clocks
9. checking loops
10. checking partial_input_delay
11. checking partial_output_delay
12. checking latch_loops

1. checking no_clock
--------------------
 There are 0 register/latch pins with no clock.


2. checking constant_clock
--------------------------
 There are 0 register/latch pins with constant_clock.


3. checking pulse_width_clock
-----------------------------
 There are 0 register/latch pins which need pulse_width check


4. checking unconstrained_internal_endpoints
--------------------------------------------
 There are 0 pins that are not constrained for maximum delay.

 There are 0 pins that are not constrained for maximum delay due to constant clock.


5. checking no_input_delay
--------------------------
 There are 0 input ports with no input delay specified.

 There are 0 input ports with no input delay but user has a false path constraint.


6. checking no_output_delay
---------------------------
 There are 0 ports with no output delay specified.

 There are 0 ports with no output delay but user has a false path constraint

 There are 0 ports with no output delay but with a timing clock defined on it or propagating through it


7. checking multiple_clock
--------------------------
 There are 0 register/latch pins with multiple clocks.


8. checking generated_clocks
----------------------------
 There are 0 generated clocks that are not connected to a clock source.


9. checking loops
-----------------
 There are 0 combinational loops in the design.


10. checking partial_input_delay
--------------------------------
 There are 8 input ports with partial input delay specified. (HIGH)


11. checking partial_output_delay
---------------------------------
 There are 0 ports with partial output delay specified.


12. checking latch_loops
------------------------
 There are 0 combinational latch loops in the design through latch input



------------------------------------------------------------------------------------------------
| Design Timing Summary
| ---------------------
------------------------------------------------------------------------------------------------

    WNS(ns)      TNS(ns)  TNS Failing Endpoints  TNS Total Endpoints      WHS(ns)      THS(ns)  THS Failing Endpoints  THS Total Endpoints     WPWS(ns)     TPWS(ns)  TPWS Failing Endpoints  TPWS Total Endpoints  
    -------      -------  ---------------------  -------------------      -------      -------  ---------------------  -------------------     --------     --------  ----------------------  --------------------  
      0.371        0.000                      0                    8           NA           NA                     NA                   NA           NA           NA                      NA                    NA  


All user specified timing constraints are met.


------------------------------------------------------------------------------------------------
| Clock Summary
| -------------
------------------------------------------------------------------------------------------------

Clock  Waveform(ns)         Period(ns)      Frequency(MHz)
-----  ------------         ----------      --------------
clk    {0.000 4.650}        9.300           107.527         


------------------------------------------------------------------------------------------------
| Intra Clock Table
| -----------------
------------------------------------------------------------------------------------------------

Clock             WNS(ns)      TNS(ns)  TNS Failing Endpoints  TNS Total Endpoints      WHS(ns)      THS(ns)  THS Failing Endpoints  THS Total Endpoints     WPWS(ns)     TPWS(ns)  TPWS Failing Endpoints  TPWS Total Endpoints  
-----             -------      -------  ---------------------  -------------------      -------      -------  ---------------------  -------------------     --------     --------  ----------------------  --------------------  


------------------------------------------------------------------------------------------------
| Inter Clock Table
| -----------------
------------------------------------------------------------------------------------------------

From Clock    To Clock          WNS(ns)      TNS(ns)  TNS Failing Endpoints  TNS Total Endpoints      WHS(ns)      THS(ns)  THS Failing Endpoints  THS Total Endpoints  
----------    --------          -------      -------  ---------------------  -------------------      -------      -------  ---------------------  -------------------  


------------------------------------------------------------------------------------------------
| Other Path Groups Table
| -----------------------
------------------------------------------------------------------------------------------------

Path Group        From Clock        To Clock              WNS(ns)      TNS(ns)  TNS Failing Endpoints  TNS Total Endpoints      WHS(ns)      THS(ns)  THS Failing Endpoints  THS Total Endpoints  
----------        ----------        --------              -------      -------  ---------------------  -------------------      -------      -------  ---------------------  -------------------  
**default**       input port clock                          0.371        0.000                      0                    8                                                                        


------------------------------------------------------------------------------------------------
| Timing Details
| --------------
------------------------------------------------------------------------------------------------


---------------------------------------------------------------------------------------------------
Path Group:  **default**
From Clock:  input port clock
  To Clock:  

Setup :            0  Failing Endpoints,  Worst Slack        0.371ns,  Total Violation        0.000ns
Hold  :           NA  Failing Endpoints,  Worst Slack           NA  ,  Total Violation           NA
---------------------------------------------------------------------------------------------------


Max Delay Paths
--------------------------------------------------------------------------------------
Slack (MET) :             0.371ns  (required time - arrival time)
  Source:                 a[3]
                            (input port)
  Destination:            s[7]
  Path Group:             **default**
  Path Type:              Max at Slow Process Corner
  Requirement:            9.000ns  (MaxDelay Path 9.000ns)
  Data Path Delay:        8.629ns  (logic 3.256ns (37.734%)  route 5.373ns (62.266%))
  Logic Levels:           5  (CARRY4=1 IBUF=1 LUT2=1 LUT6=1 OBUF=1)
  Output Delay:           0.000ns
  Timing Exception:       MaxDelay Path 9.000ns

    Location             Delay type                Incr(ns)  Path(ns)    Partition      Netlist Resource(s)
  -------------------------------------------------------------------    ----------------------------------
    BA32                                              0.000     0.000 r  static         a[3] (IN)
                         net (fo=0)                   0.000     0.000    static         a[3]
    BA32                 IBUF (Prop_ibuf_I_O)         0.670     0.670 r  static         a_IBUF[3]_inst/O
                         net (fo=8, routed)           1.953     2.623    boundary       ReConfig/Gen_LUT[2].HighBit.BigAdd.HighLUT[4].FirstHigh.PGHighFirst/I0
    SLICE_X50Y53         LUT6 (Prop_lut6_I0_O)        0.043     2.666 r  reconfigurable ReConfig/Gen_LUT[2].HighBit.BigAdd.HighLUT[4].FirstHigh.PGHighFirst/LUT6/O
                         net (fo=1, routed)           0.000     2.666    reconfigurable ReConfig/p_3_out
    SLICE_X50Y53         CARRY4 (Prop_carry4_S[0]_O[3])
                                                      0.292     2.958 r  reconfigurable ReConfig/Gen_LUT[2].HighBit.BigAdd.HighCarry[0].ChainHigh/O[3]
                         net (fo=1, routed)           0.885     3.843    boundary       s_reg[7]
    SLICE_X49Y49         LUT2 (Prop_lut2_I1_O)        0.120     3.963 r  static         s_OBUF[7]_inst_i_1/O
                         net (fo=1, routed)           2.534     6.498    static         s_OBUF[7]
    AU39                 OBUF (Prop_obuf_I_O)         2.131     8.629 r  static         s_OBUF[7]_inst/O
                         net (fo=0)                   0.000     8.629    static         s[7]
    AU39                                                              r  static         s[7] (OUT)
  -------------------------------------------------------------------    ----------------------------------

                         max delay                    9.000     9.000                   
                         clock pessimism              0.000     9.000                     
                         output delay                -0.000     9.000                     
  -------------------------------------------------------------------
                         required time                          9.000                     
                         arrival time                          -8.629                     
  -------------------------------------------------------------------
                         slack                                  0.371                     

Slack (MET) :             0.573ns  (required time - arrival time)
  Source:                 a[0]
                            (input port)
  Destination:            s[0]
  Path Group:             **default**
  Path Type:              Max at Slow Process Corner
  Requirement:            9.000ns  (MaxDelay Path 9.000ns)
  Data Path Delay:        8.427ns  (logic 2.868ns (34.029%)  route 5.560ns (65.971%))
  Logic Levels:           3  (IBUF=1 LUT5=1 OBUF=1)
  Output Delay:           0.000ns
  Timing Exception:       MaxDelay Path 9.000ns

    Location             Delay type                Incr(ns)  Path(ns)    Partition      Netlist Resource(s)
  -------------------------------------------------------------------    ----------------------------------
    AV30                                              0.000     0.000 r  static         a[0] (IN)
                         net (fo=0)                   0.000     0.000    static         a[0]
    AV30                 IBUF (Prop_ibuf_I_O)         0.640     0.640 r  static         a_IBUF[0]_inst/O
                         net (fo=6, routed)           2.197     2.837    boundary       ReConfig/Gen_LUT[0].LowBit.SmallAdd2.PGSmall/I0
    SLICE_X50Y51         LUT5 (Prop_lut5_I0_O)        0.047     2.884 r  reconfigurable ReConfig/Gen_LUT[0].LowBit.SmallAdd2.PGSmall/LUT5/O
                         net (fo=1, routed)           3.363     6.247    boundary       s[0]
    AM39                 OBUF (Prop_obuf_I_O)         2.181     8.427 r  static         s[0]_OBUF_inst/O
                         net (fo=0)                   0.000     8.427    static         s[0]_OBUF
    AM39                                                              r  static         s[0] (OUT)
  -------------------------------------------------------------------    ----------------------------------

                         max delay                    9.000     9.000                   
                         clock pessimism              0.000     9.000                     
                         output delay                -0.000     9.000                     
  -------------------------------------------------------------------
                         required time                          9.000                     
                         arrival time                          -8.427                     
  -------------------------------------------------------------------
                         slack                                  0.573                     

Slack (MET) :             0.575ns  (required time - arrival time)
  Source:                 a[3]
                            (input port)
  Destination:            s[6]
  Path Group:             **default**
  Path Type:              Max at Slow Process Corner
  Requirement:            9.000ns  (MaxDelay Path 9.000ns)
  Data Path Delay:        8.425ns  (logic 3.183ns (37.776%)  route 5.242ns (62.224%))
  Logic Levels:           4  (CARRY4=1 IBUF=1 LUT6=1 OBUF=1)
  Output Delay:           0.000ns
  Timing Exception:       MaxDelay Path 9.000ns

    Location             Delay type                Incr(ns)  Path(ns)    Partition      Netlist Resource(s)
  -------------------------------------------------------------------    ----------------------------------
    BA32                                              0.000     0.000 r  static         a[3] (IN)
                         net (fo=0)                   0.000     0.000    static         a[3]
    BA32                 IBUF (Prop_ibuf_I_O)         0.670     0.670 r  static         a_IBUF[3]_inst/O
                         net (fo=8, routed)           1.953     2.623    boundary       ReConfig/Gen_LUT[2].HighBit.BigAdd.HighLUT[4].FirstHigh.PGHighFirst/I0
    SLICE_X50Y53         LUT6 (Prop_lut6_I0_O)        0.043     2.666 r  reconfigurable ReConfig/Gen_LUT[2].HighBit.BigAdd.HighLUT[4].FirstHigh.PGHighFirst/LUT6/O
                         net (fo=1, routed)           0.000     2.666    reconfigurable ReConfig/p_3_out
    SLICE_X50Y53         CARRY4 (Prop_carry4_S[0]_O[2])
                                                      0.261     2.927 r  reconfigurable ReConfig/Gen_LUT[2].HighBit.BigAdd.HighCarry[0].ChainHigh/O[2]
                         net (fo=1, routed)           3.289     6.216    boundary       s[6]
    AP42                 OBUF (Prop_obuf_I_O)         2.208     8.425 r  static         s[6]_OBUF_inst/O
                         net (fo=0)                   0.000     8.425    static         s[6]_OBUF
    AP42                                                              r  static         s[6] (OUT)
  -------------------------------------------------------------------    ----------------------------------

                         max delay                    9.000     9.000                   
                         clock pessimism              0.000     9.000                     
                         output delay                -0.000     9.000                     
  -------------------------------------------------------------------
                         required time                          9.000                     
                         arrival time                          -8.425                     
  -------------------------------------------------------------------
                         slack                                  0.575                     

Slack (MET) :             0.587ns  (required time - arrival time)
  Source:                 a[0]
                            (input port)
  Destination:            s[1]
  Path Group:             **default**
  Path Type:              Max at Slow Process Corner
  Requirement:            9.000ns  (MaxDelay Path 9.000ns)
  Data Path Delay:        8.413ns  (logic 2.784ns (33.092%)  route 5.629ns (66.908%))
  Logic Levels:           3  (IBUF=1 LUT6=1 OBUF=1)
  Output Delay:           0.000ns
  Timing Exception:       MaxDelay Path 9.000ns

    Location             Delay type                Incr(ns)  Path(ns)    Partition      Netlist Resource(s)
  -------------------------------------------------------------------    ----------------------------------
    AV30                                              0.000     0.000 r  static         a[0] (IN)
                         net (fo=0)                   0.000     0.000    static         a[0]
    AV30                 IBUF (Prop_ibuf_I_O)         0.640     0.640 r  static         a_IBUF[0]_inst/O
                         net (fo=6, routed)           2.197     2.837    boundary       ReConfig/Gen_LUT[0].LowBit.SmallAdd2.PGSmall/I0
    SLICE_X50Y51         LUT6 (Prop_lut6_I0_O)        0.043     2.880 r  reconfigurable ReConfig/Gen_LUT[0].LowBit.SmallAdd2.PGSmall/LUT6/O
                         net (fo=1, routed)           3.432     6.312    boundary       s[1]
    AN39                 OBUF (Prop_obuf_I_O)         2.101     8.413 r  static         s[1]_OBUF_inst/O
                         net (fo=0)                   0.000     8.413    static         s[1]_OBUF
    AN39                                                              r  static         s[1] (OUT)
  -------------------------------------------------------------------    ----------------------------------

                         max delay                    9.000     9.000                   
                         clock pessimism              0.000     9.000                     
                         output delay                -0.000     9.000                     
  -------------------------------------------------------------------
                         required time                          9.000                     
                         arrival time                          -8.413                     
  -------------------------------------------------------------------
                         slack                                  0.587                     

Slack (MET) :             0.702ns  (required time - arrival time)
  Source:                 a[3]
                            (input port)
  Destination:            s[5]
  Path Group:             **default**
  Path Type:              Max at Slow Process Corner
  Requirement:            9.000ns  (MaxDelay Path 9.000ns)
  Data Path Delay:        8.298ns  (logic 3.124ns (37.650%)  route 5.174ns (62.350%))
  Logic Levels:           4  (CARRY4=1 IBUF=1 LUT6=1 OBUF=1)
  Output Delay:           0.000ns
  Timing Exception:       MaxDelay Path 9.000ns

    Location             Delay type                Incr(ns)  Path(ns)    Partition      Netlist Resource(s)
  -------------------------------------------------------------------    ----------------------------------
    BA32                                              0.000     0.000 r  static         a[3] (IN)
                         net (fo=0)                   0.000     0.000    static         a[3]
    BA32                 IBUF (Prop_ibuf_I_O)         0.670     0.670 r  static         a_IBUF[3]_inst/O
                         net (fo=8, routed)           1.953     2.623    boundary       ReConfig/Gen_LUT[2].HighBit.BigAdd.HighLUT[4].FirstHigh.PGHighFirst/I0
    SLICE_X50Y53         LUT6 (Prop_lut6_I0_O)        0.043     2.666 r  reconfigurable ReConfig/Gen_LUT[2].HighBit.BigAdd.HighLUT[4].FirstHigh.PGHighFirst/LUT6/O
                         net (fo=1, routed)           0.000     2.666    reconfigurable ReConfig/p_3_out
    SLICE_X50Y53         CARRY4 (Prop_carry4_S[0]_O[1])
                                                      0.217     2.883 r  reconfigurable ReConfig/Gen_LUT[2].HighBit.BigAdd.HighCarry[0].ChainHigh/O[1]
                         net (fo=1, routed)           3.220     6.104    boundary       s[5]
    AP41                 OBUF (Prop_obuf_I_O)         2.194     8.298 r  static         s[5]_OBUF_inst/O
                         net (fo=0)                   0.000     8.298    static         s[5]_OBUF
    AP41                                                              r  static         s[5] (OUT)
  -------------------------------------------------------------------    ----------------------------------

                         max delay                    9.000     9.000                   
                         clock pessimism              0.000     9.000                     
                         output delay                -0.000     9.000                     
  -------------------------------------------------------------------
                         required time                          9.000                     
                         arrival time                          -8.298                     
  -------------------------------------------------------------------
                         slack                                  0.702                     

Slack (MET) :             0.708ns  (required time - arrival time)
  Source:                 a[2]
                            (input port)
  Destination:            s[2]
  Path Group:             **default**
  Path Type:              Max at Slow Process Corner
  Requirement:            9.000ns  (MaxDelay Path 9.000ns)
  Data Path Delay:        8.292ns  (logic 2.918ns (35.188%)  route 5.374ns (64.812%))
  Logic Levels:           3  (IBUF=1 LUT5=1 OBUF=1)
  Output Delay:           0.000ns
  Timing Exception:       MaxDelay Path 9.000ns

    Location             Delay type                Incr(ns)  Path(ns)    Partition      Netlist Resource(s)
  -------------------------------------------------------------------    ----------------------------------
    BA31                                              0.000     0.000 r  static         a[2] (IN)
                         net (fo=0)                   0.000     0.000    static         a[2]
    BA31                 IBUF (Prop_ibuf_I_O)         0.668     0.668 r  static         a_IBUF[2]_inst/O
                         net (fo=4, routed)           1.854     2.522    boundary       ReConfig/Gen_LUT[1].MidBit.SmallAdd2.PGSmall/I1
    SLICE_X49Y53         LUT5 (Prop_lut5_I1_O)        0.051     2.573 r  reconfigurable ReConfig/Gen_LUT[1].MidBit.SmallAdd2.PGSmall/LUT5/O
                         net (fo=1, routed)           3.520     6.093    boundary       s[2]
    AR37                 OBUF (Prop_obuf_I_O)         2.198     8.292 r  static         s[2]_OBUF_inst/O
                         net (fo=0)                   0.000     8.292    static         s[2]_OBUF
    AR37                                                              r  static         s[2] (OUT)
  -------------------------------------------------------------------    ----------------------------------

                         max delay                    9.000     9.000                   
                         clock pessimism              0.000     9.000                     
                         output delay                -0.000     9.000                     
  -------------------------------------------------------------------
                         required time                          9.000                     
                         arrival time                          -8.292                     
  -------------------------------------------------------------------
                         slack                                  0.708                     

Slack (MET) :             0.920ns  (required time - arrival time)
  Source:                 a[3]
                            (input port)
  Destination:            s[3]
  Path Group:             **default**
  Path Type:              Max at Slow Process Corner
  Requirement:            9.000ns  (MaxDelay Path 9.000ns)
  Data Path Delay:        8.080ns  (logic 2.828ns (34.996%)  route 5.252ns (65.004%))
  Logic Levels:           3  (IBUF=1 LUT6=1 OBUF=1)
  Output Delay:           0.000ns
  Timing Exception:       MaxDelay Path 9.000ns

    Location             Delay type                Incr(ns)  Path(ns)    Partition      Netlist Resource(s)
  -------------------------------------------------------------------    ----------------------------------
    BA32                                              0.000     0.000 r  static         a[3] (IN)
                         net (fo=0)                   0.000     0.000    static         a[3]
    BA32                 IBUF (Prop_ibuf_I_O)         0.670     0.670 r  static         a_IBUF[3]_inst/O
                         net (fo=8, routed)           2.038     2.709    boundary       ReConfig/Gen_LUT[1].MidBit.SmallAdd2.PGSmall/I2
    SLICE_X49Y53         LUT6 (Prop_lut6_I2_O)        0.043     2.752 r  reconfigurable ReConfig/Gen_LUT[1].MidBit.SmallAdd2.PGSmall/LUT6/O
                         net (fo=1, routed)           3.214     5.965    boundary       s[3]
    AT37                 OBUF (Prop_obuf_I_O)         2.114     8.080 r  static         s[3]_OBUF_inst/O
                         net (fo=0)                   0.000     8.080    static         s[3]_OBUF
    AT37                                                              r  static         s[3] (OUT)
  -------------------------------------------------------------------    ----------------------------------

                         max delay                    9.000     9.000                   
                         clock pessimism              0.000     9.000                     
                         output delay                -0.000     9.000                     
  -------------------------------------------------------------------
                         required time                          9.000                     
                         arrival time                          -8.080                     
  -------------------------------------------------------------------
                         slack                                  0.920                     

Slack (MET) :             2.228ns  (required time - arrival time)
  Source:                 a[3]
                            (input port)
  Destination:            s[4]
  Path Group:             **default**
  Path Type:              Max at Slow Process Corner
  Requirement:            9.000ns  (MaxDelay Path 9.000ns)
  Data Path Delay:        6.772ns  (logic 2.971ns (43.870%)  route 3.801ns (56.130%))
  Logic Levels:           4  (CARRY4=1 IBUF=1 LUT6=1 OBUF=1)
  Output Delay:           0.000ns
  Timing Exception:       MaxDelay Path 9.000ns

    Location             Delay type                Incr(ns)  Path(ns)    Partition      Netlist Resource(s)
  -------------------------------------------------------------------    ----------------------------------
    BA32                                              0.000     0.000 r  static         a[3] (IN)
                         net (fo=0)                   0.000     0.000    static         a[3]
    BA32                 IBUF (Prop_ibuf_I_O)         0.670     0.670 r  static         a_IBUF[3]_inst/O
                         net (fo=8, routed)           1.953     2.623    boundary       ReConfig/Gen_LUT[2].HighBit.BigAdd.HighLUT[4].FirstHigh.PGHighFirst/I0
    SLICE_X50Y53         LUT6 (Prop_lut6_I0_O)        0.043     2.666 r  reconfigurable ReConfig/Gen_LUT[2].HighBit.BigAdd.HighLUT[4].FirstHigh.PGHighFirst/LUT6/O
                         net (fo=1, routed)           0.000     2.666    reconfigurable ReConfig/p_3_out
    SLICE_X50Y53         CARRY4 (Prop_carry4_S[0]_O[0])
                                                      0.120     2.786 r  reconfigurable ReConfig/Gen_LUT[2].HighBit.BigAdd.HighCarry[0].ChainHigh/O[0]
                         net (fo=1, routed)           1.848     4.635    boundary       s[4]
    AR35                 OBUF (Prop_obuf_I_O)         2.138     6.772 r  static         s[4]_OBUF_inst/O
                         net (fo=0)                   0.000     6.772    static         s[4]_OBUF
    AR35                                                              r  static         s[4] (OUT)
  -------------------------------------------------------------------    ----------------------------------

                         max delay                    9.000     9.000                   
                         clock pessimism              0.000     9.000                     
                         output delay                -0.000     9.000                     
  -------------------------------------------------------------------
                         required time                          9.000                     
                         arrival time                          -6.772                     
  -------------------------------------------------------------------
                         slack                                  2.228                     





